<?xml version="1.0" encoding="UTF-8"?>
<testsuites name="jest tests" tests="10" failures="0" time="0.477">
  <testsuite name="isOneEdit测试" errors="0" failures="0" skipped="0" timestamp="2020-02-24T23:39:23" time="0.328" tests="10">
    <testcase classname="isOneEdit测试 00空字符串测试" name="isOneEdit测试 00空字符串测试" time="0">
    </testcase>
    <testcase classname="isOneEdit测试 01相等字符串测试" name="isOneEdit测试 01相等字符串测试" time="0.001">
    </testcase>
    <testcase classname="isOneEdit测试 02相等字符串测试" name="isOneEdit测试 02相等字符串测试" time="0">
    </testcase>
    <testcase classname="isOneEdit测试 03相差2个字符测试-1" name="isOneEdit测试 03相差2个字符测试-1" time="0">
    </testcase>
    <testcase classname="isOneEdit测试 04相差2个字符测试-2" name="isOneEdit测试 04相差2个字符测试-2" time="0">
    </testcase>
    <testcase classname="isOneEdit测试 05满足一次编辑测试-1" name="isOneEdit测试 05满足一次编辑测试-1" time="0.001">
    </testcase>
    <testcase classname="isOneEdit测试 06满足一次编辑测试-2" name="isOneEdit测试 06满足一次编辑测试-2" time="0">
    </testcase>
    <testcase classname="isOneEdit测试 07满足一次编辑测试-3" name="isOneEdit测试 07满足一次编辑测试-3" time="0">
    </testcase>
    <testcase classname="isOneEdit测试 07满足一次编辑测试-3" name="isOneEdit测试 07满足一次编辑测试-3" time="0">
    </testcase>
    <testcase classname="isOneEdit测试 08不满足一次编辑测试" name="isOneEdit测试 08不满足一次编辑测试" time="0.001">
    </testcase>
  </testsuite>
</testsuites>